
> frontend@0.0.0 dev
> vite --host 0.0.0.0


  VITE v8.0.8  ready in 162 ms

  ➜  Local:   http://localhost:5173/
  ➜  Network: http://192.168.11.228:5173/
1:11:23 AM [vite] (client) [console.warn] The width(-1) and height(-1) of chart should be greater than 0,
       please check the style of container, or the props width(100%) and height(100%),
       or add a minWidth(0) or minHeight(undefined) or use aspect(undefined) to control the
       height and width.
1:11:23 AM [vite] (client) [console.warn] The width(-1) and height(-1) of chart should be greater than 0,
       please check the style of container, or the props width(100%) and height(100%),
       or add a minWidth(0) or minHeight(undefined) or use aspect(undefined) to control the
       height and width.
1:11:23 AM [vite] (client) [console.warn] The width(-1) and height(-1) of chart should be greater than 0,
       please check the style of container, or the props width(100%) and height(100%),
       or add a minWidth(0) or minHeight(undefined) or use aspect(undefined) to control the
       height and width.
1:11:23 AM [vite] (client) [console.warn] The width(-1) and height(-1) of chart should be greater than 0,
       please check the style of container, or the props width(100%) and height(100%),
       or add a minWidth(0) or minHeight(undefined) or use aspect(undefined) to control the
       height and width.
1:11:31 AM [vite] (client) [console.error] Each child in a list should have a unique "key" prop.

Check the render method of `SettingsDashboard`. See https://react.dev/link/warning-keys for more information.
1:11:45 AM [vite] (client) [console.warn] The width(-1) and height(-1) of chart should be greater than 0,
       please check the style of container, or the props width(100%) and height(100%),
       or add a minWidth(0) or minHeight(undefined) or use aspect(undefined) to control the
       height and width.
1:11:45 AM [vite] (client) [console.warn] The width(-1) and height(-1) of chart should be greater than 0,
       please check the style of container, or the props width(100%) and height(100%),
       or add a minWidth(0) or minHeight(undefined) or use aspect(undefined) to control the
       height and width.
1:11:45 AM [vite] (client) [console.warn] The width(-1) and height(-1) of chart should be greater than 0,
       please check the style of container, or the props width(100%) and height(100%),
       or add a minWidth(0) or minHeight(undefined) or use aspect(undefined) to control the
       height and width.
1:11:45 AM [vite] (client) [console.warn] The width(-1) and height(-1) of chart should be greater than 0,
       please check the style of container, or the props width(100%) and height(100%),
       or add a minWidth(0) or minHeight(undefined) or use aspect(undefined) to control the
       height and width.
1:11:56 AM [vite] (client) [console.warn] The width(-1) and height(-1) of chart should be greater than 0,
       please check the style of container, or the props width(100%) and height(100%),
       or add a minWidth(0) or minHeight(undefined) or use aspect(undefined) to control the
       height and width.
1:11:56 AM [vite] (client) [console.warn] The width(-1) and height(-1) of chart should be greater than 0,
       please check the style of container, or the props width(100%) and height(100%),
       or add a minWidth(0) or minHeight(undefined) or use aspect(undefined) to control the
       height and width.
1:11:56 AM [vite] (client) [console.warn] The width(-1) and height(-1) of chart should be greater than 0,
       please check the style of container, or the props width(100%) and height(100%),
       or add a minWidth(0) or minHeight(undefined) or use aspect(undefined) to control the
       height and width.
1:11:56 AM [vite] (client) [console.warn] The width(-1) and height(-1) of chart should be greater than 0,
       please check the style of container, or the props width(100%) and height(100%),
       or add a minWidth(0) or minHeight(undefined) or use aspect(undefined) to control the
       height and width.
1:32:49 AM [vite] (client) hmr update /src/components/layout/AppShell.jsx, /src/index.css
1:32:49 AM [vite] (client) [console.warn] The width(-1) and height(-1) of chart should be greater than 0,
       please check the style of container, or the props width(100%) and height(100%),
       or add a minWidth(0) or minHeight(undefined) or use aspect(undefined) to control the
       height and width.
1:32:49 AM [vite] (client) [console.warn] The width(-1) and height(-1) of chart should be greater than 0,
       please check the style of container, or the props width(100%) and height(100%),
       or add a minWidth(0) or minHeight(undefined) or use aspect(undefined) to control the
       height and width.
1:32:49 AM [vite] (client) [console.warn] The width(-1) and height(-1) of chart should be greater than 0,
       please check the style of container, or the props width(100%) and height(100%),
       or add a minWidth(0) or minHeight(undefined) or use aspect(undefined) to control the
       height and width.
1:32:49 AM [vite] (client) [console.warn] The width(-1) and height(-1) of chart should be greater than 0,
       please check the style of container, or the props width(100%) and height(100%),
       or add a minWidth(0) or minHeight(undefined) or use aspect(undefined) to control the
       height and width.
1:33:04 AM [vite] (client) hmr update /src/pages/DashboardHome.jsx, /src/index.css
1:33:04 AM [vite] Internal server error: Transform failed with 1 error:

[31m[PARSE_ERROR] Error:[0m Unexpected token. Did you mean `{'}'}` or `&rbrace;`?
     [38;5;246m╭[0m[38;5;246m─[0m[38;5;246m[[0m src/pages/DashboardHome.jsx:251:1 [38;5;246m][0m
     [38;5;246m│[0m
 [38;5;246m251 │[0m [38;5;249m}[0m
 [38;5;240m    │[0m │ 
 [38;5;240m    │[0m ╰─ 
[38;5;246m─────╯[0m

  Plugin: vite:oxc
  File: /Users/dsrirangam/workspace/devopsdashboard/dashboard-frontend/src/pages/DashboardHome.jsx
      at transformWithOxc (file:///Users/dsrirangam/workspace/devopsdashboard/dashboard-frontend/node_modules/vite/dist/node/chunks/node.js:3745:19)
      at TransformPluginContext.transform (file:///Users/dsrirangam/workspace/devopsdashboard/dashboard-frontend/node_modules/vite/dist/node/chunks/node.js:3813:26)
      at EnvironmentPluginContainer.transform (file:///Users/dsrirangam/workspace/devopsdashboard/dashboard-frontend/node_modules/vite/dist/node/chunks/node.js:30143:51)
      at async loadAndTransform (file:///Users/dsrirangam/workspace/devopsdashboard/dashboard-frontend/node_modules/vite/dist/node/chunks/node.js:24468:26)
      at async viteTransformMiddleware (file:///Users/dsrirangam/workspace/devopsdashboard/dashboard-frontend/node_modules/vite/dist/node/chunks/node.js:24262:20)
1:33:04 AM [vite] (client) [console.error] [vite] Failed to reload /src/pages/DashboardHome.jsx. This could be due to syntax errors or importing non-existent modules. (see errors above)
1:36:21 AM [vite] (client) Pre-transform error: Transform failed with 1 error:

[31m[PARSE_ERROR] Error:[0m Unexpected token. Did you mean `{'}'}` or `&rbrace;`?
     [38;5;246m╭[0m[38;5;246m─[0m[38;5;246m[[0m src/pages/DashboardHome.jsx:251:1 [38;5;246m][0m
     [38;5;246m│[0m
 [38;5;246m251 │[0m [38;5;249m}[0m
 [38;5;240m    │[0m │ 
 [38;5;240m    │[0m ╰─ 
[38;5;246m─────╯[0m

  Plugin: vite:oxc
  File: /Users/dsrirangam/workspace/devopsdashboard/dashboard-frontend/src/pages/DashboardHome.jsx
1:36:21 AM [vite] Internal server error: Transform failed with 1 error:

[31m[PARSE_ERROR] Error:[0m Unexpected token. Did you mean `{'}'}` or `&rbrace;`?
     [38;5;246m╭[0m[38;5;246m─[0m[38;5;246m[[0m src/pages/DashboardHome.jsx:251:1 [38;5;246m][0m
     [38;5;246m│[0m
 [38;5;246m251 │[0m [38;5;249m}[0m
 [38;5;240m    │[0m │ 
 [38;5;240m    │[0m ╰─ 
[38;5;246m─────╯[0m

  Plugin: vite:oxc
  File: /Users/dsrirangam/workspace/devopsdashboard/dashboard-frontend/src/pages/DashboardHome.jsx
      at transformWithOxc (file:///Users/dsrirangam/workspace/devopsdashboard/dashboard-frontend/node_modules/vite/dist/node/chunks/node.js:3745:19)
      at TransformPluginContext.transform (file:///Users/dsrirangam/workspace/devopsdashboard/dashboard-frontend/node_modules/vite/dist/node/chunks/node.js:3813:26)
      at EnvironmentPluginContainer.transform (file:///Users/dsrirangam/workspace/devopsdashboard/dashboard-frontend/node_modules/vite/dist/node/chunks/node.js:30143:51)
      at async loadAndTransform (file:///Users/dsrirangam/workspace/devopsdashboard/dashboard-frontend/node_modules/vite/dist/node/chunks/node.js:24468:26)
      at async viteTransformMiddleware (file:///Users/dsrirangam/workspace/devopsdashboard/dashboard-frontend/node_modules/vite/dist/node/chunks/node.js:24262:20)
1:36:55 AM [vite] Internal server error: Transform failed with 1 error:

[31m[PARSE_ERROR] Error:[0m Unexpected token. Did you mean `{'}'}` or `&rbrace;`?
     [38;5;246m╭[0m[38;5;246m─[0m[38;5;246m[[0m src/pages/DashboardHome.jsx:251:1 [38;5;246m][0m
     [38;5;246m│[0m
 [38;5;246m251 │[0m [38;5;249m}[0m
 [38;5;240m    │[0m │ 
 [38;5;240m    │[0m ╰─ 
[38;5;246m─────╯[0m

  Plugin: vite:oxc
  File: /Users/dsrirangam/workspace/devopsdashboard/dashboard-frontend/src/pages/DashboardHome.jsx
      at transformWithOxc (file:///Users/dsrirangam/workspace/devopsdashboard/dashboard-frontend/node_modules/vite/dist/node/chunks/node.js:3745:19)
      at TransformPluginContext.transform (file:///Users/dsrirangam/workspace/devopsdashboard/dashboard-frontend/node_modules/vite/dist/node/chunks/node.js:3813:26)
      at EnvironmentPluginContainer.transform (file:///Users/dsrirangam/workspace/devopsdashboard/dashboard-frontend/node_modules/vite/dist/node/chunks/node.js:30143:51)
      at async loadAndTransform (file:///Users/dsrirangam/workspace/devopsdashboard/dashboard-frontend/node_modules/vite/dist/node/chunks/node.js:24468:26)
      at async viteTransformMiddleware (file:///Users/dsrirangam/workspace/devopsdashboard/dashboard-frontend/node_modules/vite/dist/node/chunks/node.js:24262:20)
1:37:19 AM [vite] Internal server error: Transform failed with 1 error:

[31m[PARSE_ERROR] Error:[0m Unexpected token. Did you mean `{'}'}` or `&rbrace;`?
     [38;5;246m╭[0m[38;5;246m─[0m[38;5;246m[[0m src/pages/DashboardHome.jsx:251:1 [38;5;246m][0m
     [38;5;246m│[0m
 [38;5;246m251 │[0m [38;5;249m}[0m
 [38;5;240m    │[0m │ 
 [38;5;240m    │[0m ╰─ 
[38;5;246m─────╯[0m

  Plugin: vite:oxc
  File: /Users/dsrirangam/workspace/devopsdashboard/dashboard-frontend/src/pages/DashboardHome.jsx
      at transformWithOxc (file:///Users/dsrirangam/workspace/devopsdashboard/dashboard-frontend/node_modules/vite/dist/node/chunks/node.js:3745:19)
      at TransformPluginContext.transform (file:///Users/dsrirangam/workspace/devopsdashboard/dashboard-frontend/node_modules/vite/dist/node/chunks/node.js:3813:26)
      at EnvironmentPluginContainer.transform (file:///Users/dsrirangam/workspace/devopsdashboard/dashboard-frontend/node_modules/vite/dist/node/chunks/node.js:30143:51)
      at async loadAndTransform (file:///Users/dsrirangam/workspace/devopsdashboard/dashboard-frontend/node_modules/vite/dist/node/chunks/node.js:24468:26)
      at async viteTransformMiddleware (file:///Users/dsrirangam/workspace/devopsdashboard/dashboard-frontend/node_modules/vite/dist/node/chunks/node.js:24262:20)
1:37:52 AM [vite] (client) hmr update /src/pages/DashboardHome.jsx, /src/index.css
1:37:52 AM [vite] Internal server error: Transform failed with 1 error:

[31m[PARSE_ERROR] Error:[0m Unexpected token. Did you mean `{'}'}` or `&rbrace;`?
     [38;5;246m╭[0m[38;5;246m─[0m[38;5;246m[[0m src/pages/DashboardHome.jsx:251:1 [38;5;246m][0m
     [38;5;246m│[0m
 [38;5;246m251 │[0m [38;5;249m}[0m
 [38;5;240m    │[0m │ 
 [38;5;240m    │[0m ╰─ 
[38;5;246m─────╯[0m

  Plugin: vite:oxc
  File: /Users/dsrirangam/workspace/devopsdashboard/dashboard-frontend/src/pages/DashboardHome.jsx
      at transformWithOxc (file:///Users/dsrirangam/workspace/devopsdashboard/dashboard-frontend/node_modules/vite/dist/node/chunks/node.js:3745:19)
      at TransformPluginContext.transform (file:///Users/dsrirangam/workspace/devopsdashboard/dashboard-frontend/node_modules/vite/dist/node/chunks/node.js:3813:26)
      at EnvironmentPluginContainer.transform (file:///Users/dsrirangam/workspace/devopsdashboard/dashboard-frontend/node_modules/vite/dist/node/chunks/node.js:30143:51)
      at async loadAndTransform (file:///Users/dsrirangam/workspace/devopsdashboard/dashboard-frontend/node_modules/vite/dist/node/chunks/node.js:24468:26)
      at async viteTransformMiddleware (file:///Users/dsrirangam/workspace/devopsdashboard/dashboard-frontend/node_modules/vite/dist/node/chunks/node.js:24262:20)
1:37:52 AM [vite] (client) [console.error] [vite] Failed to reload /src/pages/DashboardHome.jsx. This could be due to syntax errors or importing non-existent modules. (see errors above)
1:38:08 AM [vite] (client) Pre-transform error: Transform failed with 1 error:

[31m[PARSE_ERROR] Error:[0m Unexpected token. Did you mean `{'}'}` or `&rbrace;`?
     [38;5;246m╭[0m[38;5;246m─[0m[38;5;246m[[0m src/pages/DashboardHome.jsx:251:1 [38;5;246m][0m
     [38;5;246m│[0m
 [38;5;246m251 │[0m [38;5;249m}[0m
 [38;5;240m    │[0m │ 
 [38;5;240m    │[0m ╰─ 
[38;5;246m─────╯[0m

  Plugin: vite:oxc
  File: /Users/dsrirangam/workspace/devopsdashboard/dashboard-frontend/src/pages/DashboardHome.jsx
1:38:08 AM [vite] Internal server error: Transform failed with 1 error:

[31m[PARSE_ERROR] Error:[0m Unexpected token. Did you mean `{'}'}` or `&rbrace;`?
     [38;5;246m╭[0m[38;5;246m─[0m[38;5;246m[[0m src/pages/DashboardHome.jsx:251:1 [38;5;246m][0m
     [38;5;246m│[0m
 [38;5;246m251 │[0m [38;5;249m}[0m
 [38;5;240m    │[0m │ 
 [38;5;240m    │[0m ╰─ 
[38;5;246m─────╯[0m

  Plugin: vite:oxc
  File: /Users/dsrirangam/workspace/devopsdashboard/dashboard-frontend/src/pages/DashboardHome.jsx
      at transformWithOxc (file:///Users/dsrirangam/workspace/devopsdashboard/dashboard-frontend/node_modules/vite/dist/node/chunks/node.js:3745:19)
      at TransformPluginContext.transform (file:///Users/dsrirangam/workspace/devopsdashboard/dashboard-frontend/node_modules/vite/dist/node/chunks/node.js:3813:26)
      at EnvironmentPluginContainer.transform (file:///Users/dsrirangam/workspace/devopsdashboard/dashboard-frontend/node_modules/vite/dist/node/chunks/node.js:30143:51)
      at async loadAndTransform (file:///Users/dsrirangam/workspace/devopsdashboard/dashboard-frontend/node_modules/vite/dist/node/chunks/node.js:24468:26)
      at async viteTransformMiddleware (file:///Users/dsrirangam/workspace/devopsdashboard/dashboard-frontend/node_modules/vite/dist/node/chunks/node.js:24262:20)
1:38:23 AM [vite] Internal server error: Transform failed with 1 error:

[31m[PARSE_ERROR] Error:[0m Unexpected token. Did you mean `{'}'}` or `&rbrace;`?
     [38;5;246m╭[0m[38;5;246m─[0m[38;5;246m[[0m src/pages/DashboardHome.jsx:251:1 [38;5;246m][0m
     [38;5;246m│[0m
 [38;5;246m251 │[0m [38;5;249m}[0m
 [38;5;240m    │[0m │ 
 [38;5;240m    │[0m ╰─ 
[38;5;246m─────╯[0m

  Plugin: vite:oxc
  File: /Users/dsrirangam/workspace/devopsdashboard/dashboard-frontend/src/pages/DashboardHome.jsx
      at transformWithOxc (file:///Users/dsrirangam/workspace/devopsdashboard/dashboard-frontend/node_modules/vite/dist/node/chunks/node.js:3745:19)
      at TransformPluginContext.transform (file:///Users/dsrirangam/workspace/devopsdashboard/dashboard-frontend/node_modules/vite/dist/node/chunks/node.js:3813:26)
      at EnvironmentPluginContainer.transform (file:///Users/dsrirangam/workspace/devopsdashboard/dashboard-frontend/node_modules/vite/dist/node/chunks/node.js:30143:51)
      at async loadAndTransform (file:///Users/dsrirangam/workspace/devopsdashboard/dashboard-frontend/node_modules/vite/dist/node/chunks/node.js:24468:26)
      at async viteTransformMiddleware (file:///Users/dsrirangam/workspace/devopsdashboard/dashboard-frontend/node_modules/vite/dist/node/chunks/node.js:24262:20)
1:39:20 AM [vite] Internal server error: Transform failed with 1 error:

[31m[PARSE_ERROR] Error:[0m Unexpected token. Did you mean `{'}'}` or `&rbrace;`?
     [38;5;246m╭[0m[38;5;246m─[0m[38;5;246m[[0m src/pages/DashboardHome.jsx:251:1 [38;5;246m][0m
     [38;5;246m│[0m
 [38;5;246m251 │[0m [38;5;249m}[0m
 [38;5;240m    │[0m │ 
 [38;5;240m    │[0m ╰─ 
[38;5;246m─────╯[0m

  Plugin: vite:oxc
  File: /Users/dsrirangam/workspace/devopsdashboard/dashboard-frontend/src/pages/DashboardHome.jsx
      at transformWithOxc (file:///Users/dsrirangam/workspace/devopsdashboard/dashboard-frontend/node_modules/vite/dist/node/chunks/node.js:3745:19)
      at TransformPluginContext.transform (file:///Users/dsrirangam/workspace/devopsdashboard/dashboard-frontend/node_modules/vite/dist/node/chunks/node.js:3813:26)
      at EnvironmentPluginContainer.transform (file:///Users/dsrirangam/workspace/devopsdashboard/dashboard-frontend/node_modules/vite/dist/node/chunks/node.js:30143:51)
      at async loadAndTransform (file:///Users/dsrirangam/workspace/devopsdashboard/dashboard-frontend/node_modules/vite/dist/node/chunks/node.js:24468:26)
      at async viteTransformMiddleware (file:///Users/dsrirangam/workspace/devopsdashboard/dashboard-frontend/node_modules/vite/dist/node/chunks/node.js:24262:20)
1:39:48 AM [vite] (client) hmr update /src/index.css, /src/components/ai/AICopilot.jsx
1:39:48 AM [vite] (client) Pre-transform error: Transform failed with 1 error:

[31m[PARSE_ERROR] Error:[0m Unexpected token. Did you mean `{'}'}` or `&rbrace;`?
     [38;5;246m╭[0m[38;5;246m─[0m[38;5;246m[[0m src/pages/DashboardHome.jsx:251:1 [38;5;246m][0m
     [38;5;246m│[0m
 [38;5;246m251 │[0m [38;5;249m}[0m
 [38;5;240m    │[0m │ 
 [38;5;240m    │[0m ╰─ 
[38;5;246m─────╯[0m

  Plugin: vite:oxc
  File: /Users/dsrirangam/workspace/devopsdashboard/dashboard-frontend/src/pages/DashboardHome.jsx
1:39:48 AM [vite] Internal server error: Transform failed with 1 error:

[31m[PARSE_ERROR] Error:[0m Unexpected token. Did you mean `{'}'}` or `&rbrace;`?
     [38;5;246m╭[0m[38;5;246m─[0m[38;5;246m[[0m src/pages/DashboardHome.jsx:251:1 [38;5;246m][0m
     [38;5;246m│[0m
 [38;5;246m251 │[0m [38;5;249m}[0m
 [38;5;240m    │[0m │ 
 [38;5;240m    │[0m ╰─ 
[38;5;246m─────╯[0m

  Plugin: vite:oxc
  File: /Users/dsrirangam/workspace/devopsdashboard/dashboard-frontend/src/pages/DashboardHome.jsx
      at transformWithOxc (file:///Users/dsrirangam/workspace/devopsdashboard/dashboard-frontend/node_modules/vite/dist/node/chunks/node.js:3745:19)
      at TransformPluginContext.transform (file:///Users/dsrirangam/workspace/devopsdashboard/dashboard-frontend/node_modules/vite/dist/node/chunks/node.js:3813:26)
      at EnvironmentPluginContainer.transform (file:///Users/dsrirangam/workspace/devopsdashboard/dashboard-frontend/node_modules/vite/dist/node/chunks/node.js:30143:51)
      at async loadAndTransform (file:///Users/dsrirangam/workspace/devopsdashboard/dashboard-frontend/node_modules/vite/dist/node/chunks/node.js:24468:26)
      at async viteTransformMiddleware (file:///Users/dsrirangam/workspace/devopsdashboard/dashboard-frontend/node_modules/vite/dist/node/chunks/node.js:24262:20)
1:40:40 AM [vite] (client) hmr update /src/pages/DashboardHome.jsx, /src/index.css
1:51:49 AM [vite] (client) [console.warn] The width(-1) and height(-1) of chart should be greater than 0,
       please check the style of container, or the props width(100%) and height(100%),
       or add a minWidth(0) or minHeight(undefined) or use aspect(undefined) to control the
       height and width.
1:51:49 AM [vite] (client) [console.warn] The width(-1) and height(-1) of chart should be greater than 0,
       please check the style of container, or the props width(100%) and height(100%),
       or add a minWidth(0) or minHeight(undefined) or use aspect(undefined) to control the
       height and width.
1:51:49 AM [vite] (client) [console.warn] The width(-1) and height(-1) of chart should be greater than 0,
       please check the style of container, or the props width(100%) and height(100%),
       or add a minWidth(0) or minHeight(undefined) or use aspect(undefined) to control the
       height and width.
1:51:49 AM [vite] (client) [console.warn] The width(-1) and height(-1) of chart should be greater than 0,
       please check the style of container, or the props width(100%) and height(100%),
       or add a minWidth(0) or minHeight(undefined) or use aspect(undefined) to control the
       height and width.
1:51:49 AM [vite] (client) [console.error] Failed to fetch AI insights: AxiosError: Request failed with status code 404
    at settle (http://localhost:5173/node_modules/.vite/deps/axios.js?v=6305afcc:1655:14)
    at XMLHttpRequest.onloadend (http://localhost:5173/node_modules/.vite/deps/axios.js?v=6305afcc:1972:4)
1:51:49 AM [vite] (client) [console.error] Failed to fetch AI insights: AxiosError: Request failed with status code 404
    at settle (http://localhost:5173/node_modules/.vite/deps/axios.js?v=6305afcc:1655:14)
    at XMLHttpRequest.onloadend (http://localhost:5173/node_modules/.vite/deps/axios.js?v=6305afcc:1972:4)
2:00:21 AM [vite] (client) [console.warn] The width(-1) and height(-1) of chart should be greater than 0,
       please check the style of container, or the props width(100%) and height(100%),
       or add a minWidth(0) or minHeight(undefined) or use aspect(undefined) to control the
       height and width.
2:00:21 AM [vite] (client) [console.warn] The width(-1) and height(-1) of chart should be greater than 0,
       please check the style of container, or the props width(100%) and height(100%),
       or add a minWidth(0) or minHeight(undefined) or use aspect(undefined) to control the
       height and width.
2:00:21 AM [vite] (client) [console.warn] The width(-1) and height(-1) of chart should be greater than 0,
       please check the style of container, or the props width(100%) and height(100%),
       or add a minWidth(0) or minHeight(undefined) or use aspect(undefined) to control the
       height and width.
2:00:21 AM [vite] (client) [console.warn] The width(-1) and height(-1) of chart should be greater than 0,
       please check the style of container, or the props width(100%) and height(100%),
       or add a minWidth(0) or minHeight(undefined) or use aspect(undefined) to control the
       height and width.
2:00:21 AM [vite] (client) [console.error] Failed to fetch AI insights: AxiosError: Request failed with status code 404
    at settle (http://localhost:5173/node_modules/.vite/deps/axios.js?v=6305afcc:1655:14)
    at XMLHttpRequest.onloadend (http://localhost:5173/node_modules/.vite/deps/axios.js?v=6305afcc:1972:4)
2:00:21 AM [vite] (client) [console.error] Failed to fetch AI insights: AxiosError: Request failed with status code 404
    at settle (http://localhost:5173/node_modules/.vite/deps/axios.js?v=6305afcc:1655:14)
    at XMLHttpRequest.onloadend (http://localhost:5173/node_modules/.vite/deps/axios.js?v=6305afcc:1972:4)
2:05:10 AM [vite] (client) [console.error] Failed to fetch AI insights: AxiosError: Request failed with status code 401
    at settle (http://localhost:5173/node_modules/.vite/deps/axios.js?v=6305afcc:1655:14)
    at XMLHttpRequest.onloadend (http://localhost:5173/node_modules/.vite/deps/axios.js?v=6305afcc:1972:4)
2:05:21 AM [vite] (client) [console.warn] The width(-1) and height(-1) of chart should be greater than 0,
       please check the style of container, or the props width(100%) and height(100%),
       or add a minWidth(0) or minHeight(undefined) or use aspect(undefined) to control the
       height and width.
2:05:21 AM [vite] (client) [console.warn] The width(-1) and height(-1) of chart should be greater than 0,
       please check the style of container, or the props width(100%) and height(100%),
       or add a minWidth(0) or minHeight(undefined) or use aspect(undefined) to control the
       height and width.
2:05:21 AM [vite] (client) [console.warn] The width(-1) and height(-1) of chart should be greater than 0,
       please check the style of container, or the props width(100%) and height(100%),
       or add a minWidth(0) or minHeight(undefined) or use aspect(undefined) to control the
       height and width.
2:05:21 AM [vite] (client) [console.warn] The width(-1) and height(-1) of chart should be greater than 0,
       please check the style of container, or the props width(100%) and height(100%),
       or add a minWidth(0) or minHeight(undefined) or use aspect(undefined) to control the
       height and width.
2:05:21 AM [vite] (client) [console.error] Failed to fetch AI insights: AxiosError: Request failed with status code 401
    at settle (http://localhost:5173/node_modules/.vite/deps/axios.js?v=6305afcc:1655:14)
    at XMLHttpRequest.onloadend (http://localhost:5173/node_modules/.vite/deps/axios.js?v=6305afcc:1972:4)
2:05:21 AM [vite] (client) [console.error] Failed to fetch AI insights: AxiosError: Request failed with status code 401
    at settle (http://localhost:5173/node_modules/.vite/deps/axios.js?v=6305afcc:1655:14)
    at XMLHttpRequest.onloadend (http://localhost:5173/node_modules/.vite/deps/axios.js?v=6305afcc:1972:4)
2:06:20 AM [vite] (client) hmr update /src/index.css, /src/components/ai/AICopilot.jsx, /src/components/ai/AIInsightsCard.jsx
2:10:15 AM [vite] (client) [console.warn] The width(-1) and height(-1) of chart should be greater than 0,
       please check the style of container, or the props width(100%) and height(100%),
       or add a minWidth(0) or minHeight(undefined) or use aspect(undefined) to control the
       height and width.
2:10:15 AM [vite] (client) [console.warn] The width(-1) and height(-1) of chart should be greater than 0,
       please check the style of container, or the props width(100%) and height(100%),
       or add a minWidth(0) or minHeight(undefined) or use aspect(undefined) to control the
       height and width.
2:10:15 AM [vite] (client) [console.warn] The width(-1) and height(-1) of chart should be greater than 0,
       please check the style of container, or the props width(100%) and height(100%),
       or add a minWidth(0) or minHeight(undefined) or use aspect(undefined) to control the
       height and width.
2:10:15 AM [vite] (client) [console.warn] The width(-1) and height(-1) of chart should be greater than 0,
       please check the style of container, or the props width(100%) and height(100%),
       or add a minWidth(0) or minHeight(undefined) or use aspect(undefined) to control the
       height and width.
2:10:15 AM [vite] (client) [console.error] Failed to fetch AI insights: AxiosError: Request failed with status code 401
    at settle (http://localhost:5173/node_modules/.vite/deps/axios.js?v=6305afcc:1655:14)
    at XMLHttpRequest.onloadend (http://localhost:5173/node_modules/.vite/deps/axios.js?v=6305afcc:1972:4)
2:10:15 AM [vite] (client) [console.error] Failed to fetch AI insights: AxiosError: Request failed with status code 401
    at settle (http://localhost:5173/node_modules/.vite/deps/axios.js?v=6305afcc:1655:14)
    at XMLHttpRequest.onloadend (http://localhost:5173/node_modules/.vite/deps/axios.js?v=6305afcc:1972:4)
2:25:53 AM [vite] (client) [console.warn] The width(-1) and height(-1) of chart should be greater than 0,
       please check the style of container, or the props width(100%) and height(100%),
       or add a minWidth(0) or minHeight(undefined) or use aspect(undefined) to control the
       height and width.
2:25:53 AM [vite] (client) [console.warn] The width(-1) and height(-1) of chart should be greater than 0,
       please check the style of container, or the props width(100%) and height(100%),
       or add a minWidth(0) or minHeight(undefined) or use aspect(undefined) to control the
       height and width.
2:25:53 AM [vite] (client) [console.warn] The width(-1) and height(-1) of chart should be greater than 0,
       please check the style of container, or the props width(100%) and height(100%),
       or add a minWidth(0) or minHeight(undefined) or use aspect(undefined) to control the
       height and width.
2:25:53 AM [vite] (client) [console.warn] The width(-1) and height(-1) of chart should be greater than 0,
       please check the style of container, or the props width(100%) and height(100%),
       or add a minWidth(0) or minHeight(undefined) or use aspect(undefined) to control the
       height and width.
2:25:53 AM [vite] (client) [console.error] Failed to fetch AI insights: AxiosError: Request failed with status code 401
    at settle (http://localhost:5173/node_modules/.vite/deps/axios.js?v=6305afcc:1655:14)
    at XMLHttpRequest.onloadend (http://localhost:5173/node_modules/.vite/deps/axios.js?v=6305afcc:1972:4)
2:25:53 AM [vite] (client) [console.error] Failed to fetch AI insights: AxiosError: Request failed with status code 401
    at settle (http://localhost:5173/node_modules/.vite/deps/axios.js?v=6305afcc:1655:14)
    at XMLHttpRequest.onloadend (http://localhost:5173/node_modules/.vite/deps/axios.js?v=6305afcc:1972:4)
2:29:21 AM [vite] (client) [console.warn] The width(-1) and height(-1) of chart should be greater than 0,
       please check the style of container, or the props width(100%) and height(100%),
       or add a minWidth(0) or minHeight(undefined) or use aspect(undefined) to control the
       height and width.
2:29:21 AM [vite] (client) [console.warn] The width(-1) and height(-1) of chart should be greater than 0,
       please check the style of container, or the props width(100%) and height(100%),
       or add a minWidth(0) or minHeight(undefined) or use aspect(undefined) to control the
       height and width.
2:29:21 AM [vite] (client) [console.warn] The width(-1) and height(-1) of chart should be greater than 0,
       please check the style of container, or the props width(100%) and height(100%),
       or add a minWidth(0) or minHeight(undefined) or use aspect(undefined) to control the
       height and width.
2:29:21 AM [vite] (client) [console.warn] The width(-1) and height(-1) of chart should be greater than 0,
       please check the style of container, or the props width(100%) and height(100%),
       or add a minWidth(0) or minHeight(undefined) or use aspect(undefined) to control the
       height and width.
2:29:21 AM [vite] (client) [console.error] Failed to fetch AI insights: AxiosError: Request failed with status code 401
    at settle (http://localhost:5173/node_modules/.vite/deps/axios.js?v=6305afcc:1655:14)
    at XMLHttpRequest.onloadend (http://localhost:5173/node_modules/.vite/deps/axios.js?v=6305afcc:1972:4)
2:29:21 AM [vite] (client) [console.error] Failed to fetch AI insights: AxiosError: Request failed with status code 401
    at settle (http://localhost:5173/node_modules/.vite/deps/axios.js?v=6305afcc:1655:14)
    at XMLHttpRequest.onloadend (http://localhost:5173/node_modules/.vite/deps/axios.js?v=6305afcc:1972:4)
2:36:05 AM [vite] (client) [console.warn] The width(-1) and height(-1) of chart should be greater than 0,
       please check the style of container, or the props width(100%) and height(100%),
       or add a minWidth(0) or minHeight(undefined) or use aspect(undefined) to control the
       height and width.
2:36:05 AM [vite] (client) [console.warn] The width(-1) and height(-1) of chart should be greater than 0,
       please check the style of container, or the props width(100%) and height(100%),
       or add a minWidth(0) or minHeight(undefined) or use aspect(undefined) to control the
       height and width.
2:36:05 AM [vite] (client) [console.warn] The width(-1) and height(-1) of chart should be greater than 0,
       please check the style of container, or the props width(100%) and height(100%),
       or add a minWidth(0) or minHeight(undefined) or use aspect(undefined) to control the
       height and width.
2:36:05 AM [vite] (client) [console.warn] The width(-1) and height(-1) of chart should be greater than 0,
       please check the style of container, or the props width(100%) and height(100%),
       or add a minWidth(0) or minHeight(undefined) or use aspect(undefined) to control the
       height and width.
2:36:05 AM [vite] (client) [console.error] Failed to fetch AI insights: AxiosError: Request failed with status code 401
    at settle (http://localhost:5173/node_modules/.vite/deps/axios.js?v=6305afcc:1655:14)
    at XMLHttpRequest.onloadend (http://localhost:5173/node_modules/.vite/deps/axios.js?v=6305afcc:1972:4)
2:36:05 AM [vite] (client) [console.error] Failed to fetch AI insights: AxiosError: Request failed with status code 401
    at settle (http://localhost:5173/node_modules/.vite/deps/axios.js?v=6305afcc:1655:14)
    at XMLHttpRequest.onloadend (http://localhost:5173/node_modules/.vite/deps/axios.js?v=6305afcc:1972:4)
2:39:10 AM [vite] (client) hmr update /src/components/ai/AICopilot.jsx, /src/index.css
2:39:32 AM [vite] (client) hmr update /src/index.css, /src/components/ai/AIInsightsCard.jsx
2:39:32 AM [vite] (client) [console.error] Failed to fetch AI insights: AxiosError: Request failed with status code 401
    at settle (http://localhost:5173/node_modules/.vite/deps/axios.js?v=6305afcc:1655:14)
    at XMLHttpRequest.onloadend (http://localhost:5173/node_modules/.vite/deps/axios.js?v=6305afcc:1972:4)
2:42:15 AM [vite] (client) hmr update /src/components/ai/AICopilot.jsx, /src/index.css
2:42:35 AM [vite] (client) hmr update /src/index.css, /src/components/ai/AIInsightsCard.jsx
2:42:35 AM [vite] (client) [console.error] Failed to fetch AI insights: AxiosError: Request failed with status code 401
    at settle (http://localhost:5173/node_modules/.vite/deps/axios.js?v=6305afcc:1655:14)
    at XMLHttpRequest.onloadend (http://localhost:5173/node_modules/.vite/deps/axios.js?v=6305afcc:1972:4)
2:44:17 AM [vite] (client) hmr update /src/components/ai/AICopilot.jsx, /src/index.css
2:44:31 AM [vite] (client) hmr update /src/index.css, /src/components/ai/AIInsightsCard.jsx
2:46:20 AM [vite] (client) hmr update /src/index.css
2:46:27 AM [vite] (client) hmr update /src/components/layout/AppShell.jsx, /src/index.css
2:48:03 AM [vite] (client) hmr update /src/index.css
2:48:09 AM [vite] (client) hmr update /src/components/layout/TopBar.jsx, /src/index.css
2:49:10 AM [vite] (client) [console.error] Encountered two children with the same key, `1001`. Keys should be unique so that components maintain their identity across updates. Non-unique keys may cause children to be duplicated and/or omitted — the behavior is unsupported and could change in a future version.
2:49:10 AM [vite] (client) [console.error] Encountered two children with the same key, `1001`. Keys should be unique so that components maintain their identity across updates. Non-unique keys may cause children to be duplicated and/or omitted — the behavior is unsupported and could change in a future version.
2:49:10 AM [vite] (client) [console.error] Encountered two children with the same key, `1002`. Keys should be unique so that components maintain their identity across updates. Non-unique keys may cause children to be duplicated and/or omitted — the behavior is unsupported and could change in a future version.
2:49:10 AM [vite] (client) [console.error] Encountered two children with the same key, `1002`. Keys should be unique so that components maintain their identity across updates. Non-unique keys may cause children to be duplicated and/or omitted — the behavior is unsupported and could change in a future version.
2:49:10 AM [vite] (client) [console.error] Encountered two children with the same key, `1003`. Keys should be unique so that components maintain their identity across updates. Non-unique keys may cause children to be duplicated and/or omitted — the behavior is unsupported and could change in a future version.
2:49:10 AM [vite] (client) [console.error] Encountered two children with the same key, `1003`. Keys should be unique so that components maintain their identity across updates. Non-unique keys may cause children to be duplicated and/or omitted — the behavior is unsupported and could change in a future version.
2:49:11 AM [vite] (client) [console.error] Encountered two children with the same key, `1001`. Keys should be unique so that components maintain their identity across updates. Non-unique keys may cause children to be duplicated and/or omitted — the behavior is unsupported and could change in a future version.
2:49:11 AM [vite] (client) [console.error] Encountered two children with the same key, `1001`. Keys should be unique so that components maintain their identity across updates. Non-unique keys may cause children to be duplicated and/or omitted — the behavior is unsupported and could change in a future version.
2:49:11 AM [vite] (client) [console.error] Encountered two children with the same key, `1002`. Keys should be unique so that components maintain their identity across updates. Non-unique keys may cause children to be duplicated and/or omitted — the behavior is unsupported and could change in a future version.
2:49:11 AM [vite] (client) [console.error] Encountered two children with the same key, `1002`. Keys should be unique so that components maintain their identity across updates. Non-unique keys may cause children to be duplicated and/or omitted — the behavior is unsupported and could change in a future version.
2:49:11 AM [vite] (client) [console.error] Encountered two children with the same key, `1003`. Keys should be unique so that components maintain their identity across updates. Non-unique keys may cause children to be duplicated and/or omitted — the behavior is unsupported and could change in a future version.
2:49:11 AM [vite] (client) [console.error] Encountered two children with the same key, `1003`. Keys should be unique so that components maintain their identity across updates. Non-unique keys may cause children to be duplicated and/or omitted — the behavior is unsupported and could change in a future version.
2:49:11 AM [vite] (client) [console.error] Encountered two children with the same key, `1001`. Keys should be unique so that components maintain their identity across updates. Non-unique keys may cause children to be duplicated and/or omitted — the behavior is unsupported and could change in a future version.
2:49:11 AM [vite] (client) [console.error] Encountered two children with the same key, `1001`. Keys should be unique so that components maintain their identity across updates. Non-unique keys may cause children to be duplicated and/or omitted — the behavior is unsupported and could change in a future version.
2:49:11 AM [vite] (client) [console.error] Encountered two children with the same key, `1002`. Keys should be unique so that components maintain their identity across updates. Non-unique keys may cause children to be duplicated and/or omitted — the behavior is unsupported and could change in a future version.
2:49:11 AM [vite] (client) [console.error] Encountered two children with the same key, `1002`. Keys should be unique so that components maintain their identity across updates. Non-unique keys may cause children to be duplicated and/or omitted — the behavior is unsupported and could change in a future version.
2:49:11 AM [vite] (client) [console.error] Encountered two children with the same key, `1003`. Keys should be unique so that components maintain their identity across updates. Non-unique keys may cause children to be duplicated and/or omitted — the behavior is unsupported and could change in a future version.
2:49:11 AM [vite] (client) [console.error] Encountered two children with the same key, `1003`. Keys should be unique so that components maintain their identity across updates. Non-unique keys may cause children to be duplicated and/or omitted — the behavior is unsupported and could change in a future version.
2:49:22 AM [vite] (client) [console.error] Encountered two children with the same key, `1001`. Keys should be unique so that components maintain their identity across updates. Non-unique keys may cause children to be duplicated and/or omitted — the behavior is unsupported and could change in a future version.
2:49:22 AM [vite] (client) [console.error] Encountered two children with the same key, `1001`. Keys should be unique so that components maintain their identity across updates. Non-unique keys may cause children to be duplicated and/or omitted — the behavior is unsupported and could change in a future version.
2:49:22 AM [vite] (client) [console.error] Encountered two children with the same key, `1002`. Keys should be unique so that components maintain their identity across updates. Non-unique keys may cause children to be duplicated and/or omitted — the behavior is unsupported and could change in a future version.
2:49:22 AM [vite] (client) [console.error] Encountered two children with the same key, `1002`. Keys should be unique so that components maintain their identity across updates. Non-unique keys may cause children to be duplicated and/or omitted — the behavior is unsupported and could change in a future version.
2:49:22 AM [vite] (client) [console.error] Encountered two children with the same key, `1003`. Keys should be unique so that components maintain their identity across updates. Non-unique keys may cause children to be duplicated and/or omitted — the behavior is unsupported and could change in a future version.
2:49:22 AM [vite] (client) [console.error] Encountered two children with the same key, `1003`. Keys should be unique so that components maintain their identity across updates. Non-unique keys may cause children to be duplicated and/or omitted — the behavior is unsupported and could change in a future version.
2:49:26 AM [vite] (client) [console.warn] The width(-1) and height(-1) of chart should be greater than 0,
       please check the style of container, or the props width(100%) and height(100%),
       or add a minWidth(0) or minHeight(undefined) or use aspect(undefined) to control the
       height and width.
2:49:26 AM [vite] (client) [console.warn] The width(-1) and height(-1) of chart should be greater than 0,
       please check the style of container, or the props width(100%) and height(100%),
       or add a minWidth(0) or minHeight(undefined) or use aspect(undefined) to control the
       height and width.
2:49:26 AM [vite] (client) [console.warn] The width(-1) and height(-1) of chart should be greater than 0,
       please check the style of container, or the props width(100%) and height(100%),
       or add a minWidth(0) or minHeight(undefined) or use aspect(undefined) to control the
       height and width.
2:49:26 AM [vite] (client) [console.warn] The width(-1) and height(-1) of chart should be greater than 0,
       please check the style of container, or the props width(100%) and height(100%),
       or add a minWidth(0) or minHeight(undefined) or use aspect(undefined) to control the
       height and width.
2:49:27 AM [vite] (client) [console.error] Failed to fetch AI insights: AxiosError: Request failed with status code 401
    at settle (http://localhost:5173/node_modules/.vite/deps/axios.js?v=6305afcc:1655:14)
    at XMLHttpRequest.onloadend (http://localhost:5173/node_modules/.vite/deps/axios.js?v=6305afcc:1972:4)
2:49:27 AM [vite] (client) [console.error] Failed to fetch AI insights: AxiosError: Request failed with status code 401
    at settle (http://localhost:5173/node_modules/.vite/deps/axios.js?v=6305afcc:1655:14)
    at XMLHttpRequest.onloadend (http://localhost:5173/node_modules/.vite/deps/axios.js?v=6305afcc:1972:4)
2:51:27 AM [vite] (client) hmr update /src/components/layout/Sidebar.jsx, /src/index.css
